// Jest Snapshot v1, https://goo.gl/fbAQLP

exports[`Snapshot 1`] = `
Object {
  "Parameters": Object {
    "BootstrapVersion": Object {
      "Default": "/cdk-bootstrap/hnb659fds/version",
      "Description": "Version of the CDK Bootstrap resources in this environment, automatically retrieved from SSM Parameter Store. [cdk:skip]",
      "Type": "AWS::SSM::Parameter::Value<String>",
    },
  },
  "Resources": Object {
    "CollectionsAliasDevBCD94DD1": Object {
      "Properties": Object {
        "FunctionName": Object {
          "Ref": "InsertItem285D27A6",
        },
        "FunctionVersion": Object {
          "Fn::GetAtt": Array [
            "InsertItemCurrentVersionD5DEEC582c61fe035b67cdd6cafd79c45da5a102",
            "Version",
          ],
        },
        "Name": "dev",
      },
      "Type": "AWS::Lambda::Alias",
    },
    "CollectionsAliasStage1848711C3": Object {
      "Properties": Object {
        "FunctionName": Object {
          "Ref": "InsertItem285D27A6",
        },
        "FunctionVersion": Object {
          "Fn::GetAtt": Array [
            "InsertItemCurrentVersionD5DEEC582c61fe035b67cdd6cafd79c45da5a102",
            "Version",
          ],
        },
        "Name": "stage1",
      },
      "Type": "AWS::Lambda::Alias",
    },
    "CollectionsApiKey25E0AE3D": Object {
      "Properties": Object {
        "Enabled": true,
        "Name": "CollectionsApiKey",
        "Value": "6230314823798cf51af4121cf1caf4f4",
      },
      "Type": "AWS::ApiGateway::ApiKey",
    },
    "CollectionsGateway39DAD60B": Object {
      "Properties": Object {
        "Name": "collections-ex",
      },
      "Type": "AWS::ApiGateway::RestApi",
    },
    "CollectionsGatewayAccountB7F867C6": Object {
      "DependsOn": Array [
        "CollectionsGateway39DAD60B",
      ],
      "Properties": Object {
        "CloudWatchRoleArn": Object {
          "Fn::GetAtt": Array [
            "CollectionsGatewayCloudWatchRole387B76F3",
            "Arn",
          ],
        },
      },
      "Type": "AWS::ApiGateway::Account",
    },
    "CollectionsGatewayCloudWatchRole387B76F3": Object {
      "Properties": Object {
        "AssumeRolePolicyDocument": Object {
          "Statement": Array [
            Object {
              "Action": "sts:AssumeRole",
              "Effect": "Allow",
              "Principal": Object {
                "Service": "apigateway.amazonaws.com",
              },
            },
          ],
          "Version": "2012-10-17",
        },
        "ManagedPolicyArns": Array [
          Object {
            "Fn::Join": Array [
              "",
              Array [
                "arn:",
                Object {
                  "Ref": "AWS::Partition",
                },
                ":iam::aws:policy/service-role/AmazonAPIGatewayPushToCloudWatchLogs",
              ],
            ],
          },
        ],
      },
      "Type": "AWS::IAM::Role",
    },
    "CollectionsGatewayCollectionsErrorResponseModelCEF97994": Object {
      "Properties": Object {
        "ContentType": "application/json",
        "Name": "ErrorModel",
        "RestApiId": Object {
          "Ref": "CollectionsGateway39DAD60B",
        },
        "Schema": Object {
          "$schema": "http://json-schema.org/draft-04/schema#",
          "title": "errorResponse",
          "type": "object",
        },
      },
      "Type": "AWS::ApiGateway::Model",
    },
    "CollectionsGatewayCollectionsResponseModelBF2A10B4": Object {
      "Properties": Object {
        "ContentType": "application/json",
        "Name": "ResponseModel",
        "RestApiId": Object {
          "Ref": "CollectionsGateway39DAD60B",
        },
        "Schema": Object {
          "$schema": "http://json-schema.org/draft-04/schema#",
          "title": "pollResponse",
          "type": "object",
        },
      },
      "Type": "AWS::ApiGateway::Model",
    },
    "CollectionsGatewaycollectionsDB662D18": Object {
      "Properties": Object {
        "ParentId": Object {
          "Fn::GetAtt": Array [
            "CollectionsGateway39DAD60B",
            "RootResourceId",
          ],
        },
        "PathPart": "collections",
        "RestApiId": Object {
          "Ref": "CollectionsGateway39DAD60B",
        },
      },
      "Type": "AWS::ApiGateway::Resource",
    },
    "CollectionsGatewaycollectionsbook76548203": Object {
      "Properties": Object {
        "ParentId": Object {
          "Ref": "CollectionsGatewaycollectionsDB662D18",
        },
        "PathPart": "book",
        "RestApiId": Object {
          "Ref": "CollectionsGateway39DAD60B",
        },
      },
      "Type": "AWS::ApiGateway::Resource",
    },
    "CollectionsGatewaycollectionsbookPOSTBE886C79": Object {
      "Properties": Object {
        "ApiKeyRequired": true,
        "AuthorizationType": "NONE",
        "HttpMethod": "POST",
        "Integration": Object {
          "IntegrationHttpMethod": "POST",
          "IntegrationResponses": Array [
            Object {
              "StatusCode": "200",
            },
            Object {
              "ResponseTemplates": Object {
                "application/json": "#set ($errorMessageObj = $util.parseJson($input.path('$.errorMessage')))
{
  \\"exception\\": \\"$errorMessageObj.exception\\",
  \\"message\\": \\"$errorMessageObj.message\\"
}",
              },
              "SelectionPattern": ".*\\"code\\":400.*",
              "StatusCode": "400",
            },
          ],
          "RequestTemplates": Object {
            "application/json": "{
  \\"itemType\\": \\"book\\",
  \\"title\\": $input.json('$.title'),
  \\"author\\": $input.json('$.author'),
  \\"ISBN\\": $input.json('$.ISBN')
}",
          },
          "Type": "AWS",
          "Uri": Object {
            "Fn::Join": Array [
              "",
              Array [
                "arn:",
                Object {
                  "Ref": "AWS::Partition",
                },
                ":apigateway:",
                Object {
                  "Ref": "AWS::Region",
                },
                ":lambda:path/2015-03-31/functions/",
                Object {
                  "Fn::GetAtt": Array [
                    "InsertItem285D27A6",
                    "Arn",
                  ],
                },
                ":\${stageVariables.lambdaAlias}/invocations",
              ],
            ],
          },
        },
        "MethodResponses": Array [
          Object {
            "ResponseModels": Object {
              "application/json": Object {
                "Ref": "CollectionsGatewayCollectionsResponseModelBF2A10B4",
              },
            },
            "StatusCode": "200",
          },
          Object {
            "ResponseModels": Object {
              "application/json": Object {
                "Ref": "CollectionsGatewayCollectionsErrorResponseModelCEF97994",
              },
            },
            "StatusCode": "400",
          },
        ],
        "ResourceId": Object {
          "Ref": "CollectionsGatewaycollectionsbook76548203",
        },
        "RestApiId": Object {
          "Ref": "CollectionsGateway39DAD60B",
        },
      },
      "Type": "AWS::ApiGateway::Method",
    },
    "CollectionsGatewaycollectionsbookPOSTCollectionsPermissionsDevdev0037EBA15": Object {
      "Properties": Object {
        "Action": "lambda:InvokeFunction",
        "FunctionName": Object {
          "Ref": "CollectionsAliasDevBCD94DD1",
        },
        "Principal": "apigateway.amazonaws.com",
        "SourceArn": Object {
          "Fn::Join": Array [
            "",
            Array [
              "arn:",
              Object {
                "Ref": "AWS::Partition",
              },
              ":execute-api:",
              Object {
                "Ref": "AWS::Region",
              },
              ":",
              Object {
                "Ref": "AWS::AccountId",
              },
              ":",
              Object {
                "Ref": "CollectionsGateway39DAD60B",
              },
              "/dev/POST/collections/book",
            ],
          ],
        },
      },
      "Type": "AWS::Lambda::Permission",
    },
    "CollectionsGatewaycollectionsbookPOSTCollectionsPermissionsDevstage10FFC80514": Object {
      "Properties": Object {
        "Action": "lambda:InvokeFunction",
        "FunctionName": Object {
          "Ref": "CollectionsAliasStage1848711C3",
        },
        "Principal": "apigateway.amazonaws.com",
        "SourceArn": Object {
          "Fn::Join": Array [
            "",
            Array [
              "arn:",
              Object {
                "Ref": "AWS::Partition",
              },
              ":execute-api:",
              Object {
                "Ref": "AWS::Region",
              },
              ":",
              Object {
                "Ref": "AWS::AccountId",
              },
              ":",
              Object {
                "Ref": "CollectionsGateway39DAD60B",
              },
              "/dev/POST/collections/book",
            ],
          ],
        },
      },
      "Type": "AWS::Lambda::Permission",
    },
    "CollectionsGatewaycollectionsbookPOSTCollectionsPermissionsStage1dev0A57AB8BB": Object {
      "Properties": Object {
        "Action": "lambda:InvokeFunction",
        "FunctionName": Object {
          "Ref": "CollectionsAliasDevBCD94DD1",
        },
        "Principal": "apigateway.amazonaws.com",
        "SourceArn": Object {
          "Fn::Join": Array [
            "",
            Array [
              "arn:",
              Object {
                "Ref": "AWS::Partition",
              },
              ":execute-api:",
              Object {
                "Ref": "AWS::Region",
              },
              ":",
              Object {
                "Ref": "AWS::AccountId",
              },
              ":",
              Object {
                "Ref": "CollectionsGateway39DAD60B",
              },
              "/stage1/POST/collections/book",
            ],
          ],
        },
      },
      "Type": "AWS::Lambda::Permission",
    },
    "CollectionsGatewaycollectionsbookPOSTCollectionsPermissionsStage1stage10A479F317": Object {
      "Properties": Object {
        "Action": "lambda:InvokeFunction",
        "FunctionName": Object {
          "Ref": "CollectionsAliasStage1848711C3",
        },
        "Principal": "apigateway.amazonaws.com",
        "SourceArn": Object {
          "Fn::Join": Array [
            "",
            Array [
              "arn:",
              Object {
                "Ref": "AWS::Partition",
              },
              ":execute-api:",
              Object {
                "Ref": "AWS::Region",
              },
              ":",
              Object {
                "Ref": "AWS::AccountId",
              },
              ":",
              Object {
                "Ref": "CollectionsGateway39DAD60B",
              },
              "/stage1/POST/collections/book",
            ],
          ],
        },
      },
      "Type": "AWS::Lambda::Permission",
    },
    "CollectionsGatewaycollectionscd4203CC3F": Object {
      "Properties": Object {
        "ParentId": Object {
          "Ref": "CollectionsGatewaycollectionsDB662D18",
        },
        "PathPart": "cd",
        "RestApiId": Object {
          "Ref": "CollectionsGateway39DAD60B",
        },
      },
      "Type": "AWS::ApiGateway::Resource",
    },
    "CollectionsGatewaycollectionscdPOSTCollectionsPermissionsDevdev13D9C4365": Object {
      "Properties": Object {
        "Action": "lambda:InvokeFunction",
        "FunctionName": Object {
          "Ref": "CollectionsAliasDevBCD94DD1",
        },
        "Principal": "apigateway.amazonaws.com",
        "SourceArn": Object {
          "Fn::Join": Array [
            "",
            Array [
              "arn:",
              Object {
                "Ref": "AWS::Partition",
              },
              ":execute-api:",
              Object {
                "Ref": "AWS::Region",
              },
              ":",
              Object {
                "Ref": "AWS::AccountId",
              },
              ":",
              Object {
                "Ref": "CollectionsGateway39DAD60B",
              },
              "/dev/POST/collections/cd",
            ],
          ],
        },
      },
      "Type": "AWS::Lambda::Permission",
    },
    "CollectionsGatewaycollectionscdPOSTCollectionsPermissionsDevstage11B4F33F71": Object {
      "Properties": Object {
        "Action": "lambda:InvokeFunction",
        "FunctionName": Object {
          "Ref": "CollectionsAliasStage1848711C3",
        },
        "Principal": "apigateway.amazonaws.com",
        "SourceArn": Object {
          "Fn::Join": Array [
            "",
            Array [
              "arn:",
              Object {
                "Ref": "AWS::Partition",
              },
              ":execute-api:",
              Object {
                "Ref": "AWS::Region",
              },
              ":",
              Object {
                "Ref": "AWS::AccountId",
              },
              ":",
              Object {
                "Ref": "CollectionsGateway39DAD60B",
              },
              "/dev/POST/collections/cd",
            ],
          ],
        },
      },
      "Type": "AWS::Lambda::Permission",
    },
    "CollectionsGatewaycollectionscdPOSTCollectionsPermissionsStage1dev1035F9CAA": Object {
      "Properties": Object {
        "Action": "lambda:InvokeFunction",
        "FunctionName": Object {
          "Ref": "CollectionsAliasDevBCD94DD1",
        },
        "Principal": "apigateway.amazonaws.com",
        "SourceArn": Object {
          "Fn::Join": Array [
            "",
            Array [
              "arn:",
              Object {
                "Ref": "AWS::Partition",
              },
              ":execute-api:",
              Object {
                "Ref": "AWS::Region",
              },
              ":",
              Object {
                "Ref": "AWS::AccountId",
              },
              ":",
              Object {
                "Ref": "CollectionsGateway39DAD60B",
              },
              "/stage1/POST/collections/cd",
            ],
          ],
        },
      },
      "Type": "AWS::Lambda::Permission",
    },
    "CollectionsGatewaycollectionscdPOSTCollectionsPermissionsStage1stage11827A41EF": Object {
      "Properties": Object {
        "Action": "lambda:InvokeFunction",
        "FunctionName": Object {
          "Ref": "CollectionsAliasStage1848711C3",
        },
        "Principal": "apigateway.amazonaws.com",
        "SourceArn": Object {
          "Fn::Join": Array [
            "",
            Array [
              "arn:",
              Object {
                "Ref": "AWS::Partition",
              },
              ":execute-api:",
              Object {
                "Ref": "AWS::Region",
              },
              ":",
              Object {
                "Ref": "AWS::AccountId",
              },
              ":",
              Object {
                "Ref": "CollectionsGateway39DAD60B",
              },
              "/stage1/POST/collections/cd",
            ],
          ],
        },
      },
      "Type": "AWS::Lambda::Permission",
    },
    "CollectionsGatewaycollectionscdPOSTE0C161C6": Object {
      "Properties": Object {
        "ApiKeyRequired": true,
        "AuthorizationType": "NONE",
        "HttpMethod": "POST",
        "Integration": Object {
          "IntegrationHttpMethod": "POST",
          "IntegrationResponses": Array [
            Object {
              "StatusCode": "200",
            },
            Object {
              "ResponseTemplates": Object {
                "application/json": "#set ($errorMessageObj = $util.parseJson($input.path('$.errorMessage')))
{
  \\"exception\\": \\"$errorMessageObj.exception\\",
  \\"message\\": \\"$errorMessageObj.message\\"
}",
              },
              "SelectionPattern": ".*\\"code\\":400.*",
              "StatusCode": "400",
            },
          ],
          "RequestTemplates": Object {
            "application/json": "{
  \\"itemType\\": \\"cd\\",
  \\"title\\": $input.json('$.title'),
  \\"artist\\": $input.json('$.artist'),
  \\"musicList\\": $input.json('$.musicList')
}",
          },
          "Type": "AWS",
          "Uri": Object {
            "Fn::Join": Array [
              "",
              Array [
                "arn:",
                Object {
                  "Ref": "AWS::Partition",
                },
                ":apigateway:",
                Object {
                  "Ref": "AWS::Region",
                },
                ":lambda:path/2015-03-31/functions/",
                Object {
                  "Fn::GetAtt": Array [
                    "InsertItem285D27A6",
                    "Arn",
                  ],
                },
                ":\${stageVariables.lambdaAlias}/invocations",
              ],
            ],
          },
        },
        "MethodResponses": Array [
          Object {
            "ResponseModels": Object {
              "application/json": Object {
                "Ref": "CollectionsGatewayCollectionsResponseModelBF2A10B4",
              },
            },
            "StatusCode": "200",
          },
          Object {
            "ResponseModels": Object {
              "application/json": Object {
                "Ref": "CollectionsGatewayCollectionsErrorResponseModelCEF97994",
              },
            },
            "StatusCode": "400",
          },
        ],
        "ResourceId": Object {
          "Ref": "CollectionsGatewaycollectionscd4203CC3F",
        },
        "RestApiId": Object {
          "Ref": "CollectionsGateway39DAD60B",
        },
      },
      "Type": "AWS::ApiGateway::Method",
    },
    "CollectionsStageDevF87FBAD8": Object {
      "DependsOn": Array [
        "CollectionsGatewayAccountB7F867C6",
      ],
      "Properties": Object {
        "DeploymentId": Object {
          "Ref": "Deployment37BBD5E4544ceabe9f41281617865980e32a689c",
        },
        "MethodSettings": Array [
          Object {
            "DataTraceEnabled": true,
            "HttpMethod": "*",
            "LoggingLevel": "ERROR",
            "ResourcePath": "/*",
          },
        ],
        "RestApiId": Object {
          "Ref": "CollectionsGateway39DAD60B",
        },
        "StageName": "dev",
        "TracingEnabled": true,
        "Variables": Object {
          "lambdaAlias": "dev",
        },
      },
      "Type": "AWS::ApiGateway::Stage",
    },
    "CollectionsStageStage100D97A33": Object {
      "DependsOn": Array [
        "CollectionsGatewayAccountB7F867C6",
      ],
      "Properties": Object {
        "DeploymentId": Object {
          "Ref": "Deployment37BBD5E4544ceabe9f41281617865980e32a689c",
        },
        "MethodSettings": Array [
          Object {
            "DataTraceEnabled": true,
            "HttpMethod": "*",
            "LoggingLevel": "ERROR",
            "ResourcePath": "/*",
          },
        ],
        "RestApiId": Object {
          "Ref": "CollectionsGateway39DAD60B",
        },
        "StageName": "stage1",
        "TracingEnabled": true,
        "Variables": Object {
          "lambdaAlias": "stage1",
        },
      },
      "Type": "AWS::ApiGateway::Stage",
    },
    "CollectionsTable0BB1CCFE": Object {
      "DeletionPolicy": "Delete",
      "Properties": Object {
        "AttributeDefinitions": Array [
          Object {
            "AttributeName": "itemType",
            "AttributeType": "S",
          },
          Object {
            "AttributeName": "title",
            "AttributeType": "S",
          },
        ],
        "KeySchema": Array [
          Object {
            "AttributeName": "itemType",
            "KeyType": "HASH",
          },
          Object {
            "AttributeName": "title",
            "KeyType": "RANGE",
          },
        ],
        "ProvisionedThroughput": Object {
          "ReadCapacityUnits": 5,
          "WriteCapacityUnits": 5,
        },
        "TableName": "collections-ex",
      },
      "Type": "AWS::DynamoDB::Table",
      "UpdateReplacePolicy": "Delete",
    },
    "Deployment37BBD5E4544ceabe9f41281617865980e32a689c": Object {
      "DependsOn": Array [
        "CollectionsGatewaycollectionsbookPOSTBE886C79",
        "CollectionsGatewaycollectionscdPOSTE0C161C6",
      ],
      "Properties": Object {
        "RestApiId": Object {
          "Ref": "CollectionsGateway39DAD60B",
        },
      },
      "Type": "AWS::ApiGateway::Deployment",
    },
    "InsertItem285D27A6": Object {
      "DependsOn": Array [
        "InsertItemServiceRoleDefaultPolicy734CE276",
        "InsertItemServiceRoleB4E0F2EF",
      ],
      "Properties": Object {
        "Code": Object {
          "S3Bucket": Object {
            "Fn::Sub": "cdk-hnb659fds-assets-\${AWS::AccountId}-\${AWS::Region}",
          },
          "S3Key": "513edd6fc5542d307d1592e6a162df0a2e65e2c24edb844e06afed05d01c5886.zip",
        },
        "Environment": Object {
          "Variables": Object {
            "AWS_NODEJS_CONNECTION_REUSE_ENABLED": "1",
            "TABLE_NAME": Object {
              "Ref": "CollectionsTable0BB1CCFE",
            },
          },
        },
        "FunctionName": "collection-insert-ex",
        "Handler": "index.handler",
        "Role": Object {
          "Fn::GetAtt": Array [
            "InsertItemServiceRoleB4E0F2EF",
            "Arn",
          ],
        },
        "Runtime": "nodejs14.x",
      },
      "Type": "AWS::Lambda::Function",
    },
    "InsertItemCurrentVersionD5DEEC582c61fe035b67cdd6cafd79c45da5a102": Object {
      "DeletionPolicy": "Retain",
      "Properties": Object {
        "FunctionName": Object {
          "Ref": "InsertItem285D27A6",
        },
      },
      "Type": "AWS::Lambda::Version",
      "UpdateReplacePolicy": "Retain",
    },
    "InsertItemServiceRoleB4E0F2EF": Object {
      "Properties": Object {
        "AssumeRolePolicyDocument": Object {
          "Statement": Array [
            Object {
              "Action": "sts:AssumeRole",
              "Effect": "Allow",
              "Principal": Object {
                "Service": "lambda.amazonaws.com",
              },
            },
          ],
          "Version": "2012-10-17",
        },
        "ManagedPolicyArns": Array [
          Object {
            "Fn::Join": Array [
              "",
              Array [
                "arn:",
                Object {
                  "Ref": "AWS::Partition",
                },
                ":iam::aws:policy/service-role/AWSLambdaBasicExecutionRole",
              ],
            ],
          },
        ],
      },
      "Type": "AWS::IAM::Role",
    },
    "InsertItemServiceRoleDefaultPolicy734CE276": Object {
      "Properties": Object {
        "PolicyDocument": Object {
          "Statement": Array [
            Object {
              "Action": Array [
                "dynamodb:BatchWriteItem",
                "dynamodb:PutItem",
                "dynamodb:UpdateItem",
                "dynamodb:DeleteItem",
                "dynamodb:DescribeTable",
              ],
              "Effect": "Allow",
              "Resource": Array [
                Object {
                  "Fn::GetAtt": Array [
                    "CollectionsTable0BB1CCFE",
                    "Arn",
                  ],
                },
                Object {
                  "Ref": "AWS::NoValue",
                },
              ],
            },
          ],
          "Version": "2012-10-17",
        },
        "PolicyName": "InsertItemServiceRoleDefaultPolicy734CE276",
        "Roles": Array [
          Object {
            "Ref": "InsertItemServiceRoleB4E0F2EF",
          },
        ],
      },
      "Type": "AWS::IAM::Policy",
    },
    "UsagePlanC18B28F1": Object {
      "Properties": Object {
        "ApiStages": Array [
          Object {
            "ApiId": Object {
              "Ref": "CollectionsGateway39DAD60B",
            },
            "Stage": Object {
              "Ref": "CollectionsStageDevF87FBAD8",
            },
            "Throttle": Object {},
          },
          Object {
            "ApiId": Object {
              "Ref": "CollectionsGateway39DAD60B",
            },
            "Stage": Object {
              "Ref": "CollectionsStageStage100D97A33",
            },
            "Throttle": Object {},
          },
        ],
        "UsagePlanName": "CollectionsUsagePlan",
      },
      "Type": "AWS::ApiGateway::UsagePlan",
    },
    "UsagePlanUsagePlanKeyResourcetestCollectionsApiKeyC34C8052BC4C2FB8": Object {
      "Properties": Object {
        "KeyId": Object {
          "Ref": "CollectionsApiKey25E0AE3D",
        },
        "KeyType": "API_KEY",
        "UsagePlanId": Object {
          "Ref": "UsagePlanC18B28F1",
        },
      },
      "Type": "AWS::ApiGateway::UsagePlanKey",
    },
  },
  "Rules": Object {
    "CheckBootstrapVersion": Object {
      "Assertions": Array [
        Object {
          "Assert": Object {
            "Fn::Not": Array [
              Object {
                "Fn::Contains": Array [
                  Array [
                    "1",
                    "2",
                    "3",
                    "4",
                    "5",
                  ],
                  Object {
                    "Ref": "BootstrapVersion",
                  },
                ],
              },
            ],
          },
          "AssertDescription": "CDK bootstrap stack version 6 required. Please run 'cdk bootstrap' with a recent version of the CDK CLI.",
        },
      ],
    },
  },
}
`;
